// Jest Snapshot v1, https://goo.gl/fbAQLP

exports[`Spinner snapshots 1`] = `<Styled(div) />`;
