// Jest Snapshot v1, https://goo.gl/fbAQLP

exports[`Input snapshots 1`] = `
<div>
  <styled.div />
  <styled.div>
    <styled.input
      disabled={false}
    />
  </styled.div>
</div>
`;
